group.are
rom_game.are
help.are
olc.are
limbo.are
school.are
whiteb.are
mehar.are
tear2.are
tsofu.are
coldrock.are
borderv.are
mayene.are
bordervi.are
tomanel.are
tinker.are
taien.are
ocairhie.are
cairhien.are
4kings.are
forest.are
aringill.are
wthmaze.are
wtground.are
faldara.are
baerlon.are
vmap.are
efield.are
falme.are
salidar.are
shaido.are
seanchan.are
menageri.are
malkier.are
wtower.are
theways.are
bgguild.are
cotl.are
urosgame.are
qbi.are
falme2.are
trolloc.are
EotW.are
halogame.are
tourney.are
osen2.are
marfix.are
kitiara.are
stoneOT.are
haunted.are
creation.are
players.are
edinn.are
village_01.are
immortal.are
kitiproj.are
malden.are
malden2.are
btower.are
shola2.are
Solanje.are
chachin.are
elmora.are
lcaemlyn.are
ncaemlyn.are
icaemlyn.are
pcaemlyn.are
grellic.are
coalmine.are
remen.are
mindea.are
abila.are
amador.are
tferry.are
beban.are
illian.are
midgaard.are
drowned.are
tinker2.are
calapene.are
verana.are
maseta.are
tanchico.are
seannew.are
eboudar.are
rahad.are
wblight.are
rparea.are
malagain.are
carysfor.are
newnewb.are
Kmerc.are
area91.are
trvalon.are
$
